../Core/Src/main.c:98:5:main	8	static
../Core/Src/main.c:190:6:SystemClock_Config	88	static
../Core/Src/main.c:232:13:MX_USART3_UART_Init	8	static
../Core/Src/main.c:263:13:MX_DMA_Init	16	static
../Core/Src/main.c:281:13:MX_GPIO_Init	40	static
../Core/Src/main.c:306:12:serial_log	16	static
../Core/Src/main.c:310:6:HAL_UART_TxCpltCallback	16	static
../Core/Src/main.c:322:6:StartDefaultTask	16	static
../Core/Src/main.c:340:6:SerialLogTask	144	static
../Core/Src/main.c:362:6:HAL_TIM_PeriodElapsedCallback	16	static
../Core/Src/main.c:379:6:Error_Handler	4	static,ignoring_inline_asm
